Identifier var has been declared with the type B that does not exist